iq_avx2_parity: AMD Ryzen 5 7600X3D 6-Core Processor (avx2 1, avx512 1), CPU 2, core type 00h
  STRATA_IQ256_GATHER -, STRATA_NO_AVXVNNI -, STRATA_IQ_MT_MIN -, STRATA_IQ_PREFETCH -
  variants this CPU runs: gather; this thread's: scalar

iq2_xxs/iq4_nl: 75 experts of 1.68 MB (126 MB), one thread
  1 token ms per expert, median of 3 (min): gate/up, down, total
    kernels        0.185 (0.182)    0.067 (0.067)    0.252 (0.249)
    ggml           0.167 (0.166)    0.064 (0.064)    0.231 (0.230)
    engine         0.257 (0.256)    0.066 (0.066)    0.323 (0.322)
  2 tokens ms per expert, median of 3 (min): gate/up, down, total
    kernels        0.222 (0.222)    0.102 (0.102)    0.325 (0.324)
    ggml           0.332 (0.331)    0.124 (0.124)    0.456 (0.456)
    engine         0.275 (0.275)    0.103 (0.102)    0.378 (0.377)
  4 tokens ms per expert, median of 3 (min): gate/up, down, total
    kernels        0.300 (0.299)    0.172 (0.172)    0.471 (0.471)
    ggml           0.667 (0.667)    0.246 (0.245)    0.912 (0.912)
    engine         0.308 (0.302)    0.172 (0.172)    0.480 (0.473)

iq2_xs/iq4_nl: 71 experts of 1.78 MB (127 MB), one thread
  1 token ms per expert, median of 3 (min): gate/up, down, total
    kernels        0.205 (0.205)    0.066 (0.066)    0.271 (0.271)
    ggml           0.159 (0.158)    0.062 (0.062)    0.220 (0.220)
    engine         0.309 (0.309)    0.067 (0.066)    0.376 (0.376)
  2 tokens ms per expert, median of 3 (min): gate/up, down, total
    kernels        0.262 (0.262)    0.103 (0.103)    0.365 (0.364)
    ggml           0.316 (0.316)    0.119 (0.118)    0.435 (0.434)
    engine         0.337 (0.337)    0.103 (0.103)    0.439 (0.439)
  4 tokens ms per expert, median of 3 (min): gate/up, down, total
    kernels        0.374 (0.374)    0.172 (0.172)    0.546 (0.546)
    ggml           0.632 (0.631)    0.234 (0.234)    0.866 (0.865)
    engine         0.415 (0.415)    0.172 (0.172)    0.587 (0.586)

iq2_s/iq4_nl: 68 experts of 1.88 MB (128 MB), one thread
  1 token ms per expert, median of 3 (min): gate/up, down, total
    kernels        0.197 (0.197)    0.067 (0.067)    0.264 (0.264)
    ggml           0.182 (0.180)    0.065 (0.064)    0.246 (0.244)
    engine         0.181 (0.181)    0.067 (0.066)    0.247 (0.247)
  2 tokens ms per expert, median of 3 (min): gate/up, down, total
    kernels        0.236 (0.236)    0.103 (0.103)    0.339 (0.339)
    ggml           0.359 (0.359)    0.124 (0.124)    0.483 (0.483)
    engine         0.213 (0.212)    0.103 (0.103)    0.316 (0.315)
  4 tokens ms per expert, median of 3 (min): gate/up, down, total
    kernels        0.347 (0.347)    0.172 (0.172)    0.519 (0.519)
    ggml           0.719 (0.718)    0.245 (0.245)    0.964 (0.963)
    engine         0.286 (0.284)    0.172 (0.172)    0.457 (0.456)

iq3_xxs/iq4_nl: 61 experts of 2.08 MB (127 MB), one thread
  1 token ms per expert, median of 3 (min): gate/up, down, total
    kernels        0.228 (0.228)    0.067 (0.067)    0.295 (0.294)
    ggml           0.223 (0.223)    0.065 (0.065)    0.288 (0.288)
    engine         0.267 (0.267)    0.066 (0.066)    0.334 (0.334)
  2 tokens ms per expert, median of 3 (min): gate/up, down, total
    kernels        0.272 (0.271)    0.103 (0.103)    0.375 (0.373)
    ggml           0.447 (0.447)    0.125 (0.125)    0.572 (0.571)
    engine         0.277 (0.277)    0.103 (0.103)    0.380 (0.380)
  4 tokens ms per expert, median of 3 (min): gate/up, down, total
    kernels        0.346 (0.344)    0.172 (0.172)    0.518 (0.516)
    ggml           0.897 (0.896)    0.245 (0.245)    1.142 (1.142)
    engine         0.333 (0.330)    0.172 (0.172)    0.505 (0.503)

iq3_s/iq4_nl: 57 experts of 2.22 MB (127 MB), one thread
  1 token ms per expert, median of 3 (min): gate/up, down, total
    kernels        0.263 (0.263)    0.067 (0.067)    0.330 (0.330)
    ggml           0.272 (0.271)    0.061 (0.061)    0.333 (0.333)
    engine         0.304 (0.304)    0.067 (0.067)    0.372 (0.371)
  2 tokens ms per expert, median of 3 (min): gate/up, down, total
    kernels        0.287 (0.287)    0.103 (0.103)    0.390 (0.390)
    ggml           0.544 (0.544)    0.118 (0.118)    0.662 (0.662)
    engine         0.290 (0.290)    0.103 (0.103)    0.392 (0.392)
  4 tokens ms per expert, median of 3 (min): gate/up, down, total
    kernels        0.366 (0.366)    0.172 (0.172)    0.537 (0.537)
    ggml           1.086 (1.086)    0.234 (0.234)    1.320 (1.320)
    engine         0.347 (0.347)    0.172 (0.172)    0.519 (0.519)

iq4_xs/iq4_nl: 50 experts of 2.54 MB (127 MB), one thread
  1 token ms per expert, median of 3 (min): gate/up, down, total
    kernels        0.114 (0.114)    0.067 (0.067)    0.180 (0.180)
    ggml           0.100 (0.100)    0.062 (0.061)    0.162 (0.162)
    engine         0.101 (0.100)    0.066 (0.066)    0.167 (0.167)
  2 tokens ms per expert, median of 3 (min): gate/up, down, total
    kernels        0.182 (0.181)    0.103 (0.103)    0.285 (0.284)
    ggml           0.197 (0.197)    0.118 (0.118)    0.315 (0.315)
    engine         0.196 (0.196)    0.103 (0.103)    0.299 (0.299)
  4 tokens ms per expert, median of 3 (min): gate/up, down, total
    kernels        0.259 (0.259)    0.172 (0.172)    0.431 (0.430)
    ggml           0.416 (0.416)    0.242 (0.242)    0.657 (0.657)
    engine         0.406 (0.406)    0.172 (0.172)    0.578 (0.577)
