iq_avx2_parity: AMD Ryzen 5 7600X3D 6-Core Processor (avx2 1, avx512 1), CPU 2, core type 00h
  STRATA_IQ256_GATHER -, STRATA_NO_AVXVNNI -, STRATA_IQ_MT_MIN 2, STRATA_IQ_PREFETCH -
  variants this CPU runs: gather; this thread's: scalar

iq2_xxs/iq4_nl: 75 experts of 1.68 MB (126 MB), one thread
  1 token ms per expert, median of 3 (min): gate/up, down, total
    kernels        0.186 (0.184)    0.067 (0.067)    0.253 (0.251)
    ggml           0.167 (0.167)    0.064 (0.064)    0.231 (0.230)
    engine         0.167 (0.167)    0.067 (0.066)    0.234 (0.234)
  2 tokens ms per expert, median of 3 (min): gate/up, down, total
    kernels        0.227 (0.226)    0.103 (0.102)    0.329 (0.328)
    ggml           0.389 (0.388)    0.124 (0.124)    0.513 (0.512)
    engine         0.233 (0.232)    0.102 (0.102)    0.335 (0.335)
  4 tokens ms per expert, median of 3 (min): gate/up, down, total
    kernels        0.299 (0.298)    0.172 (0.172)    0.471 (0.470)
    ggml           0.722 (0.722)    0.245 (0.245)    0.967 (0.967)
    engine         0.287 (0.286)    0.172 (0.172)    0.459 (0.458)

iq2_xs/iq4_nl: 71 experts of 1.78 MB (127 MB), one thread
  1 token ms per expert, median of 3 (min): gate/up, down, total
    kernels        0.208 (0.208)    0.067 (0.066)    0.274 (0.274)
    ggml           0.159 (0.159)    0.062 (0.062)    0.221 (0.220)
    engine         0.159 (0.159)    0.065 (0.065)    0.224 (0.224)
  2 tokens ms per expert, median of 3 (min): gate/up, down, total
    kernels        0.252 (0.252)    0.103 (0.103)    0.355 (0.355)
    ggml           0.316 (0.316)    0.118 (0.118)    0.435 (0.435)
    engine         0.337 (0.336)    0.103 (0.103)    0.439 (0.439)
  4 tokens ms per expert, median of 3 (min): gate/up, down, total
    kernels        0.375 (0.375)    0.172 (0.172)    0.547 (0.547)
    ggml           0.632 (0.632)    0.234 (0.234)    0.866 (0.866)
    engine         0.415 (0.415)    0.172 (0.172)    0.587 (0.587)

iq2_s/iq4_nl: 68 experts of 1.88 MB (128 MB), one thread
  1 token ms per expert, median of 3 (min): gate/up, down, total
    kernels        0.199 (0.199)    0.067 (0.067)    0.265 (0.265)
    ggml           0.181 (0.181)    0.064 (0.064)    0.245 (0.245)
    engine         0.183 (0.181)    0.067 (0.067)    0.250 (0.249)
  2 tokens ms per expert, median of 3 (min): gate/up, down, total
    kernels        0.235 (0.235)    0.103 (0.103)    0.338 (0.338)
    ggml           0.360 (0.359)    0.124 (0.124)    0.484 (0.483)
    engine         0.213 (0.213)    0.103 (0.103)    0.316 (0.315)
  4 tokens ms per expert, median of 3 (min): gate/up, down, total
    kernels        0.353 (0.352)    0.172 (0.172)    0.525 (0.524)
    ggml           0.720 (0.719)    0.245 (0.245)    0.966 (0.965)
    engine         0.289 (0.288)    0.172 (0.172)    0.461 (0.460)

iq3_xxs/iq4_nl: 61 experts of 2.08 MB (127 MB), one thread
  1 token ms per expert, median of 3 (min): gate/up, down, total
    kernels        0.228 (0.227)    0.067 (0.067)    0.294 (0.294)
    ggml           0.268 (0.267)    0.063 (0.062)    0.331 (0.330)
    engine         0.268 (0.267)    0.065 (0.064)    0.332 (0.332)
  2 tokens ms per expert, median of 3 (min): gate/up, down, total
    kernels        0.272 (0.271)    0.103 (0.103)    0.374 (0.374)
    ggml           0.492 (0.491)    0.124 (0.124)    0.616 (0.615)
    engine         0.277 (0.277)    0.103 (0.103)    0.380 (0.380)
  4 tokens ms per expert, median of 3 (min): gate/up, down, total
    kernels        0.347 (0.346)    0.172 (0.172)    0.519 (0.518)
    ggml           0.938 (0.937)    0.245 (0.245)    1.184 (1.182)
    engine         0.333 (0.331)    0.172 (0.171)    0.504 (0.503)

iq3_s/iq4_nl: 57 experts of 2.22 MB (127 MB), one thread
  1 token ms per expert, median of 3 (min): gate/up, down, total
    kernels        0.263 (0.263)    0.067 (0.067)    0.330 (0.330)
    ggml           0.272 (0.272)    0.061 (0.061)    0.333 (0.333)
    engine         0.271 (0.271)    0.065 (0.064)    0.336 (0.336)
  2 tokens ms per expert, median of 3 (min): gate/up, down, total
    kernels        0.287 (0.287)    0.103 (0.103)    0.390 (0.390)
    ggml           0.544 (0.544)    0.118 (0.118)    0.662 (0.662)
    engine         0.289 (0.289)    0.103 (0.103)    0.392 (0.392)
  4 tokens ms per expert, median of 3 (min): gate/up, down, total
    kernels        0.368 (0.367)    0.172 (0.172)    0.540 (0.539)
    ggml           1.086 (1.086)    0.234 (0.234)    1.320 (1.320)
    engine         0.354 (0.347)    0.172 (0.172)    0.526 (0.519)

iq4_xs/iq4_nl: 50 experts of 2.54 MB (127 MB), one thread
  1 token ms per expert, median of 3 (min): gate/up, down, total
    kernels        0.113 (0.113)    0.067 (0.067)    0.181 (0.180)
    ggml           0.100 (0.100)    0.062 (0.062)    0.162 (0.162)
    engine         0.100 (0.100)    0.065 (0.065)    0.165 (0.164)
  2 tokens ms per expert, median of 3 (min): gate/up, down, total
    kernels        0.175 (0.174)    0.103 (0.102)    0.277 (0.277)
    ggml           0.199 (0.196)    0.120 (0.118)    0.320 (0.315)
    engine         0.197 (0.196)    0.103 (0.103)    0.299 (0.299)
  4 tokens ms per expert, median of 3 (min): gate/up, down, total
    kernels        0.258 (0.258)    0.172 (0.172)    0.430 (0.430)
    ggml           0.416 (0.415)    0.241 (0.240)    0.657 (0.655)
    engine         0.407 (0.407)    0.172 (0.172)    0.579 (0.579)
