iq_avx2_parity: AMD Ryzen 5 7600X3D 6-Core Processor (avx2 1, avx512 1), CPU 2, core type 00h
  STRATA_IQ256_GATHER -, STRATA_NO_AVXVNNI -, STRATA_IQ_MT_MIN -, STRATA_IQ_PREFETCH -
  variants this CPU runs: gather; this thread's: scalar

iq2_xxs/iq4_nl: 75 experts of 1.68 MB (126 MB), one thread
  1 token ms per expert, median of 3 (min): gate/up, down, total
    kernels        0.187 (0.184)    0.067 (0.067)    0.253 (0.251)
    ggml           0.167 (0.167)    0.065 (0.065)    0.232 (0.232)
    engine         0.209 (0.209)    0.067 (0.067)    0.276 (0.276)
  2 tokens ms per expert, median of 3 (min): gate/up, down, total
    kernels        0.226 (0.225)    0.103 (0.103)    0.328 (0.328)
    ggml           0.333 (0.332)    0.125 (0.125)    0.457 (0.457)
    engine         0.232 (0.232)    0.102 (0.102)    0.335 (0.335)
  4 tokens ms per expert, median of 3 (min): gate/up, down, total
    kernels        0.301 (0.301)    0.172 (0.172)    0.472 (0.472)
    ggml           0.668 (0.668)    0.246 (0.246)    0.914 (0.914)
    engine         0.287 (0.287)    0.172 (0.172)    0.459 (0.458)

iq2_xs/iq4_nl: 71 experts of 1.78 MB (127 MB), one thread
  1 token ms per expert, median of 3 (min): gate/up, down, total
    kernels        0.205 (0.205)    0.067 (0.066)    0.271 (0.271)
    ggml           0.159 (0.159)    0.062 (0.062)    0.221 (0.220)
    engine         0.309 (0.309)    0.067 (0.066)    0.376 (0.376)
  2 tokens ms per expert, median of 3 (min): gate/up, down, total
    kernels        0.252 (0.252)    0.103 (0.103)    0.355 (0.355)
    ggml           0.317 (0.317)    0.119 (0.119)    0.435 (0.435)
    engine         0.337 (0.336)    0.103 (0.103)    0.439 (0.439)
  4 tokens ms per expert, median of 3 (min): gate/up, down, total
    kernels        0.376 (0.375)    0.172 (0.172)    0.548 (0.547)
    ggml           0.632 (0.632)    0.234 (0.234)    0.866 (0.866)
    engine         0.416 (0.416)    0.172 (0.172)    0.587 (0.587)

iq2_s/iq4_nl: 68 experts of 1.88 MB (128 MB), one thread
  1 token ms per expert, median of 3 (min): gate/up, down, total
    kernels        0.197 (0.197)    0.067 (0.067)    0.264 (0.263)
    ggml           0.181 (0.181)    0.065 (0.065)    0.246 (0.246)
    engine         0.181 (0.181)    0.067 (0.067)    0.248 (0.247)
  2 tokens ms per expert, median of 3 (min): gate/up, down, total
    kernels        0.235 (0.235)    0.103 (0.103)    0.338 (0.338)
    ggml           0.360 (0.360)    0.125 (0.124)    0.484 (0.484)
    engine         0.213 (0.212)    0.103 (0.103)    0.316 (0.315)
  4 tokens ms per expert, median of 3 (min): gate/up, down, total
    kernels        0.347 (0.347)    0.172 (0.172)    0.519 (0.519)
    ggml           0.719 (0.719)    0.246 (0.246)    0.966 (0.965)
    engine         0.288 (0.286)    0.172 (0.172)    0.460 (0.458)

iq3_xxs/iq4_nl: 61 experts of 2.08 MB (127 MB), one thread
  1 token ms per expert, median of 3 (min): gate/up, down, total
    kernels        0.228 (0.228)    0.067 (0.067)    0.295 (0.295)
    ggml           0.223 (0.223)    0.065 (0.065)    0.288 (0.288)
    engine         0.266 (0.266)    0.068 (0.067)    0.334 (0.334)
  2 tokens ms per expert, median of 3 (min): gate/up, down, total
    kernels        0.272 (0.272)    0.103 (0.103)    0.375 (0.375)
    ggml           0.446 (0.446)    0.125 (0.125)    0.571 (0.570)
    engine         0.277 (0.277)    0.103 (0.103)    0.380 (0.380)
  4 tokens ms per expert, median of 3 (min): gate/up, down, total
    kernels        0.351 (0.346)    0.172 (0.172)    0.523 (0.518)
    ggml           0.896 (0.895)    0.246 (0.246)    1.141 (1.141)
    engine         0.334 (0.334)    0.172 (0.172)    0.506 (0.505)

iq3_s/iq4_nl: 57 experts of 2.22 MB (127 MB), one thread
  1 token ms per expert, median of 3 (min): gate/up, down, total
    kernels        0.263 (0.263)    0.067 (0.067)    0.330 (0.329)
    ggml           0.272 (0.271)    0.062 (0.062)    0.334 (0.334)
    engine         0.304 (0.304)    0.067 (0.067)    0.371 (0.371)
  2 tokens ms per expert, median of 3 (min): gate/up, down, total
    kernels        0.287 (0.287)    0.103 (0.102)    0.390 (0.390)
    ggml           0.544 (0.544)    0.119 (0.119)    0.663 (0.663)
    engine         0.289 (0.289)    0.103 (0.102)    0.392 (0.391)
  4 tokens ms per expert, median of 3 (min): gate/up, down, total
    kernels        0.364 (0.364)    0.172 (0.172)    0.536 (0.536)
    ggml           1.087 (1.087)    0.234 (0.234)    1.321 (1.321)
    engine         0.353 (0.350)    0.172 (0.172)    0.525 (0.521)

iq4_xs/iq4_nl: 50 experts of 2.54 MB (127 MB), one thread
  1 token ms per expert, median of 3 (min): gate/up, down, total
    kernels        0.113 (0.113)    0.067 (0.067)    0.180 (0.180)
    ggml           0.100 (0.100)    0.062 (0.062)    0.162 (0.162)
    engine         0.101 (0.100)    0.066 (0.066)    0.167 (0.167)
  2 tokens ms per expert, median of 3 (min): gate/up, down, total
    kernels        0.183 (0.183)    0.102 (0.102)    0.285 (0.285)
    ggml           0.198 (0.197)    0.119 (0.118)    0.317 (0.315)
    engine         0.198 (0.197)    0.103 (0.103)    0.300 (0.300)
  4 tokens ms per expert, median of 3 (min): gate/up, down, total
    kernels        0.259 (0.258)    0.172 (0.172)    0.431 (0.430)
    ggml           0.413 (0.413)    0.239 (0.238)    0.652 (0.651)
    engine         0.407 (0.407)    0.172 (0.172)    0.579 (0.579)
