# public2185-256-r1
DONE 256 2185 6885.1 5328.3 length 168 217 0 0 0 0 0 0.0 2185 0
strata serve: prompt 2185 tokens = 0 reused + 2185 read in 6885 ms (317.4 tok/s), 256 generated in 5328 ms (48.0 tok/s), drafts accepted 168 of 217, 0 checkpoints
# public20-256-r1
DONE 256 20 368.9 5275.4 length 170 234 0 0 0 0 0 0.0 20 0
strata serve: prompt 20 tokens = 0 reused + 20 read in 369 ms (54.2 tok/s), 256 generated in 5275 ms (48.5 tok/s), drafts accepted 170 of 234, 0 checkpoints
# canary-end-r1
DONE 8 23 383.3 174.4 stop 6 6 0 0 0 0 0 0.0 23 0
strata serve: prompt 23 tokens = 0 reused + 23 read in 383 ms (60.0 tok/s), 8 generated in 174 ms (45.9 tok/s), drafts accepted 6 of 6, 0 checkpoints
# public2185-256-r2
DONE 256 2185 6866.7 5280.8 length 168 217 0 0 0 0 0 0.0 2185 0
strata serve: prompt 2185 tokens = 0 reused + 2185 read in 6867 ms (318.2 tok/s), 256 generated in 5281 ms (48.5 tok/s), drafts accepted 168 of 217, 0 checkpoints
# public20-256-r2
DONE 256 20 368.8 5166.0 length 170 234 0 0 0 0 0 0.0 20 0
strata serve: prompt 20 tokens = 0 reused + 20 read in 369 ms (54.2 tok/s), 256 generated in 5166 ms (49.6 tok/s), drafts accepted 170 of 234, 0 checkpoints
# canary-end-r2
DONE 8 23 382.5 164.3 stop 6 6 0 0 0 0 0 0.0 23 0
strata serve: prompt 23 tokens = 0 reused + 23 read in 383 ms (60.1 tok/s), 8 generated in 164 ms (48.7 tok/s), drafts accepted 6 of 6, 0 checkpoints
# public2185-256-r3
DONE 256 2185 6881.3 5327.8 length 168 217 0 0 0 0 0 0.0 2185 0
strata serve: prompt 2185 tokens = 0 reused + 2185 read in 6881 ms (317.5 tok/s), 256 generated in 5328 ms (48.0 tok/s), drafts accepted 168 of 217, 0 checkpoints
# public20-256-r3
DONE 256 20 369.0 5282.1 length 170 234 0 0 0 0 0 0.0 20 0
strata serve: prompt 20 tokens = 0 reused + 20 read in 369 ms (54.2 tok/s), 256 generated in 5282 ms (48.5 tok/s), drafts accepted 170 of 234, 0 checkpoints
# canary-end-r3
DONE 8 23 381.8 174.7 stop 6 6 0 0 0 0 0 0.0 23 0
strata serve: prompt 23 tokens = 0 reused + 23 read in 382 ms (60.2 tok/s), 8 generated in 175 ms (45.8 tok/s), drafts accepted 6 of 6, 0 checkpoints
