iq_avx2_parity: Intel(R) Xeon(R) CPU E5-2697 v3 @ 2.60GHz (avx2 1, avx512 0), CPU 2, core type 00h
  STRATA_IQ256_GATHER -, STRATA_NO_AVXVNNI -, STRATA_IQ_MT_MIN 2, STRATA_IQ_PREFETCH -
  variants this CPU runs: gather; this thread's: scalar

iq2_xxs/iq4_nl: 75 experts of 1.68 MB (126 MB), one thread
  1 token ms per expert, median of 3 (min): gate/up, down, total
    kernels        0.395 (0.394)    0.176 (0.175)    0.570 (0.569)
    ggml           0.403 (0.403)    0.154 (0.154)    0.557 (0.557)
    engine         0.406 (0.406)    0.158 (0.157)    0.565 (0.563)
  2 tokens ms per expert, median of 3 (min): gate/up, down, total
    kernels        0.488 (0.486)    0.290 (0.288)    0.778 (0.776)
    ggml           0.801 (0.800)    0.314 (0.314)    1.117 (1.114)
    engine         0.485 (0.484)    0.289 (0.288)    0.773 (0.772)
  4 tokens ms per expert, median of 3 (min): gate/up, down, total
    kernels        0.667 (0.665)    0.459 (0.457)    1.127 (1.124)
    ggml           1.598 (1.597)    0.599 (0.598)    2.198 (2.195)
    engine         0.669 (0.666)    0.458 (0.458)    1.126 (1.124)

iq2_xs/iq4_nl: 71 experts of 1.78 MB (127 MB), one thread
  1 token ms per expert, median of 3 (min): gate/up, down, total
    kernels        0.462 (0.462)    0.201 (0.201)    0.663 (0.663)
    ggml           0.481 (0.477)    0.177 (0.175)    0.659 (0.652)
    engine         0.479 (0.477)    0.179 (0.178)    0.658 (0.657)
  2 tokens ms per expert, median of 3 (min): gate/up, down, total
    kernels        0.536 (0.536)    0.286 (0.286)    0.823 (0.822)
    ggml           0.941 (0.941)    0.315 (0.314)    1.256 (1.255)
    engine         0.537 (0.536)    0.286 (0.286)    0.823 (0.822)
  4 tokens ms per expert, median of 3 (min): gate/up, down, total
    kernels        0.775 (0.771)    0.486 (0.484)    1.269 (1.257)
    ggml           1.853 (1.851)    0.623 (0.622)    2.476 (2.473)
    engine         0.764 (0.764)    0.485 (0.485)    1.251 (1.249)

iq2_s/iq4_nl: 68 experts of 1.88 MB (128 MB), one thread
  1 token ms per expert, median of 3 (min): gate/up, down, total
    kernels        0.389 (0.389)    0.175 (0.175)    0.564 (0.564)
    ggml           0.400 (0.400)    0.154 (0.154)    0.555 (0.554)
    engine         0.400 (0.400)    0.157 (0.157)    0.557 (0.556)
  2 tokens ms per expert, median of 3 (min): gate/up, down, total
    kernels        0.490 (0.490)    0.289 (0.288)    0.779 (0.778)
    ggml           0.796 (0.794)    0.314 (0.313)    1.109 (1.109)
    engine         0.490 (0.490)    0.289 (0.288)    0.781 (0.778)
  4 tokens ms per expert, median of 3 (min): gate/up, down, total
    kernels        0.762 (0.742)    0.460 (0.458)    1.222 (1.200)
    ggml           1.590 (1.590)    0.598 (0.598)    2.188 (2.187)
    engine         0.760 (0.743)    0.459 (0.458)    1.218 (1.202)

iq3_xxs/iq4_nl: 61 experts of 2.08 MB (127 MB), one thread
  1 token ms per expert, median of 3 (min): gate/up, down, total
    kernels        0.514 (0.501)    0.205 (0.201)    0.719 (0.703)
    ggml           0.571 (0.555)    0.178 (0.178)    0.749 (0.733)
    engine         0.548 (0.546)    0.179 (0.179)    0.727 (0.724)
  2 tokens ms per expert, median of 3 (min): gate/up, down, total
    kernels        0.610 (0.607)    0.298 (0.297)    0.907 (0.906)
    ggml           1.142 (1.141)    0.329 (0.322)    1.471 (1.463)
    engine         0.610 (0.597)    0.298 (0.293)    0.908 (0.890)
  4 tokens ms per expert, median of 3 (min): gate/up, down, total
    kernels        0.851 (0.850)    0.495 (0.486)    1.346 (1.337)
    ggml           2.263 (2.206)    0.641 (0.629)    2.904 (2.836)
    engine         0.834 (0.828)    0.493 (0.485)    1.326 (1.313)

iq3_s/iq4_nl: 57 experts of 2.22 MB (127 MB), one thread
  1 token ms per expert, median of 3 (min): gate/up, down, total
    kernels        0.626 (0.619)    0.183 (0.179)    0.808 (0.798)
    ggml           0.858 (0.849)    0.161 (0.159)    1.022 (1.011)
    engine         0.860 (0.852)    0.164 (0.156)    1.024 (1.009)
  2 tokens ms per expert, median of 3 (min): gate/up, down, total
    kernels        0.837 (0.827)    0.297 (0.296)    1.136 (1.123)
    ggml           1.709 (1.700)    0.324 (0.321)    2.035 (2.022)
    engine         0.831 (0.830)    0.297 (0.296)    1.128 (1.127)
  4 tokens ms per expert, median of 3 (min): gate/up, down, total
    kernels        1.051 (1.045)    0.477 (0.460)    1.524 (1.512)
    ggml           3.316 (3.315)    0.600 (0.598)    3.916 (3.915)
    engine         1.046 (1.046)    0.457 (0.457)    1.503 (1.503)

iq4_xs/iq4_nl: 50 experts of 2.54 MB (127 MB), one thread
  1 token ms per expert, median of 3 (min): gate/up, down, total
    kernels        0.264 (0.264)    0.202 (0.201)    0.466 (0.465)
    ggml           0.273 (0.272)    0.176 (0.176)    0.449 (0.448)
    engine         0.274 (0.274)    0.179 (0.179)    0.453 (0.453)
  2 tokens ms per expert, median of 3 (min): gate/up, down, total
    kernels        0.369 (0.368)    0.287 (0.286)    0.657 (0.654)
    ggml           0.514 (0.513)    0.314 (0.314)    0.828 (0.828)
    engine         0.366 (0.366)    0.286 (0.286)    0.652 (0.652)
  4 tokens ms per expert, median of 3 (min): gate/up, down, total
    kernels        0.633 (0.633)    0.507 (0.484)    1.140 (1.118)
    ggml           0.998 (0.993)    0.626 (0.620)    1.624 (1.613)
    engine         0.634 (0.634)    0.485 (0.485)    1.121 (1.119)
