# 2026-10-10T14:37:29+02:00 driver 615.78.08, iommu identity, profile performance
  Loading the model for the measurements ...
[strata] starting the engine: reading the model's weights ...
[strata] loading the experts into RAM (about 55 GB) and locking part of them for the GPU.
         YOUR PC CAN BE SLOW OR STOP RESPONDING FOR 1-3 MINUTES NOW - this is normal.
         Please wait and don't close this window; the browser opens when it is ready.
[strata] experts loaded: 46.84 GiB at 6.23 GiB/s (16 s so far)
[strata] filling the GPU's expert cache (2886 experts, 5.53 GiB of VRAM) ...
[strata] almost ready ...
    round 1/3 PCIe share: 0 63.0  0.2 66.8  0.35 61.1  0.55 49.4  0.75 42.1  0.9 38.8  1 35.5
    round 2/3 PCIe share: 0 63.0  0.2 66.8  0.35 60.9  0.55 49.4  0.75 42.3  0.9 39.5  1 37.7
    round 3/3 PCIe share: 0 61.8  0.2 66.1  0.35 64.2  0.55 49.3  0.75 41.8  0.9 39.0  1 36.6
    PCIe share, median of 3: 0: 63.0 (61.8-63.0), 0.2: 66.8 (66.1-66.8), 0.35: 61.1 (60.9-64.2), 0.55: 49.4 (49.3-49.4), 0.75: 42.1 (41.8-42.3), 0.9: 39.0 (38.8-39.5), 1: 36.6 (35.5-37.7) -> best 0.2
    round 1/3 draft floor: 0.3 63.7  0.5 66.5  0.7 68.0
    round 2/3 draft floor: 0.3 65.0  0.5 66.2  0.7 69.0
    round 3/3 draft floor: 0.3 63.0  0.5 66.7  0.7 68.3
    draft floor, median of 3: 0.3: 63.7 (63.0-65.0), 0.5: 66.5 (66.2-66.7), 0.7: 68.3 (68.0-69.0) -> best 0.7
  Measuring with 23 CPU workers (restarts the engine) ...
[strata] starting the engine: reading the model's weights ...
[strata] loading the experts into RAM (about 55 GB) and locking part of them for the GPU.
         YOUR PC CAN BE SLOW OR STOP RESPONDING FOR 1-3 MINUTES NOW - this is normal.
         Please wait and don't close this window; the browser opens when it is ready.
[strata] experts loaded: 46.84 GiB at 6.21 GiB/s (16 s so far)
[strata] filling the GPU's expert cache (2886 experts, 5.53 GiB of VRAM) ...
[strata] almost ready ...
    23 workers: 69.1 tok/s
  Measuring with 15 CPU workers (restarts the engine) ...
[strata] starting the engine: reading the model's weights ...
[strata] loading the experts into RAM (about 55 GB) and locking part of them for the GPU.
         YOUR PC CAN BE SLOW OR STOP RESPONDING FOR 1-3 MINUTES NOW - this is normal.
         Please wait and don't close this window; the browser opens when it is ready.
[strata] experts loaded: 46.84 GiB at 6.18 GiB/s (16 s so far)
[strata] filling the GPU's expert cache (2886 experts, 5.53 GiB of VRAM) ...
[strata] almost ready ...
    15 workers: 64.8 tok/s
  Measuring with 12 CPU workers (restarts the engine) ...
[strata] starting the engine: reading the model's weights ...
[strata] loading the experts into RAM (about 55 GB) and locking part of them for the GPU.
         YOUR PC CAN BE SLOW OR STOP RESPONDING FOR 1-3 MINUTES NOW - this is normal.
         Please wait and don't close this window; the browser opens when it is ready.
[strata] experts loaded: 46.84 GiB at 6.16 GiB/s (16 s so far)
[strata] filling the GPU's expert cache (2886 experts, 5.53 GiB of VRAM) ...
[strata] almost ready ...
    12 workers: 61.6 tok/s
  Measuring with 6 CPU workers (restarts the engine) ...
[strata] starting the engine: reading the model's weights ...
[strata] loading the experts into RAM (about 55 GB) and locking part of them for the GPU.
         YOUR PC CAN BE SLOW OR STOP RESPONDING FOR 1-3 MINUTES NOW - this is normal.
         Please wait and don't close this window; the browser opens when it is ready.
[strata] experts loaded: 46.84 GiB at 6.22 GiB/s (16 s so far)
[strata] filling the GPU's expert cache (2886 experts, 5.53 GiB of VRAM) ...
[strata] almost ready ...
    6 workers: 56.0 tok/s
  Measuring with 7 CPU workers (restarts the engine) ...
[strata] starting the engine: reading the model's weights ...
[strata] loading the experts into RAM (about 55 GB) and locking part of them for the GPU.
         YOUR PC CAN BE SLOW OR STOP RESPONDING FOR 1-3 MINUTES NOW - this is normal.
         Please wait and don't close this window; the browser opens when it is ready.
[strata] experts loaded: 46.84 GiB at 6.21 GiB/s (16 s so far)
[strata] filling the GPU's expert cache (2886 experts, 5.53 GiB of VRAM) ...
[strata] almost ready ...
    7 workers: 59.1 tok/s
  Measuring the expert tier (the engine default) (restarts the engine) ...
[strata] starting the engine: reading the model's weights ...
[strata] loading the experts into RAM (about 55 GB) and locking part of them for the GPU.
         YOUR PC CAN BE SLOW OR STOP RESPONDING FOR 1-3 MINUTES NOW - this is normal.
         Please wait and don't close this window; the browser opens when it is ready.
[strata] experts loaded: 46.84 GiB at 6.24 GiB/s (16 s so far)
[strata] filling the GPU's expert cache (2886 experts, 5.53 GiB of VRAM) ...
[strata] almost ready ...
    76.3 tok/s
  Measuring the expert tier every 1, 80 swaps, decay 0.97 (restarts the engine) ...
[strata] starting the engine: reading the model's weights ...
[strata] loading the experts into RAM (about 55 GB) and locking part of them for the GPU.
         YOUR PC CAN BE SLOW OR STOP RESPONDING FOR 1-3 MINUTES NOW - this is normal.
         Please wait and don't close this window; the browser opens when it is ready.
[strata] experts loaded: 46.84 GiB at 6.26 GiB/s (16 s so far)
[strata] filling the GPU's expert cache (2886 experts, 5.53 GiB of VRAM) ...
[strata] almost ready ...
    79.1 tok/s
  Measuring the expert tier every 1, 160 swaps, decay 0.97 (restarts the engine) ...
[strata] starting the engine: reading the model's weights ...
[strata] loading the experts into RAM (about 55 GB) and locking part of them for the GPU.
         YOUR PC CAN BE SLOW OR STOP RESPONDING FOR 1-3 MINUTES NOW - this is normal.
         Please wait and don't close this window; the browser opens when it is ready.
[strata] experts loaded: 46.84 GiB at 6.23 GiB/s (16 s so far)
[strata] filling the GPU's expert cache (2886 experts, 5.53 GiB of VRAM) ...
[strata] almost ready ...
    78.6 tok/s
{
 "settings": {
  "--pcie-frac": "0.20",
  "--spec-min-p": "0.70",
  "--adapt-every": "1",
  "--adapt-swaps": "80",
  "--adapt-decay": "0.97"
 },
 "report": {
  "default": {
   "pcie_frac": 0.55,
   "spec_min_p": 0.5,
   "pool_workers": 23
  },
  "pcie_sweep": {
   "0.0": [
    62.958044365746886,
    62.9518516696995,
    61.76711866042561
   ],
   "0.2": [
    66.82328373792744,
    66.76054868825953,
    66.05769726995923
   ],
   "0.35": [
    61.08035884710822,
    60.8538556622611,
    64.1925777331996
   ],
   "0.55": [
    49.44757784130418,
    49.352251696483656,
    49.27246131341904
   ],
   "0.75": [
    42.0914172969418,
    42.34484583829562,
    41.76864088758362
   ],
   "0.9": [
    38.7737792317945,
    39.489109643980996,
    39.00774059852502
   ],
   "1.0": [
    35.49737929504423,
    37.676978777264296,
    36.57769903412014
   ]
  },
  "min_p_sweep": {
   "0.3": [
    63.73867144706703,
    64.96472618382988,
    62.958044365746886
   ],
   "0.5": [
    66.53498284644974,
    66.24230191999172,
    66.71531324924425
   ],
   "0.7": [
    68.04529264791877,
    68.9655172413793,
    68.3432110630573
   ]
  },
  "confirm": {
   "0.55/0.5": [
    49.1362763915547,
    49.871425231824205,
    48.925923094564645
   ],
   "0.2/0.7": [
    68.36146122623371,
    69.15180983252296,
    67.46429136140831
   ]
  },
  "workers": {
   "23": [
    68.33956219967966,
    69.7813879954206
   ],
   "15": [
    64.43817962142569,
    65.06379301580847
   ],
   "12": [
    61.53846153846153,
    61.692693271640636
   ],
   "6": [
    56.06657906263688,
    55.980756614913616
   ],
   "7": [
    58.99161213015023,
    59.122401847575055
   ]
  },
  "adapt": {
   "default": [
    76.6955835962145,
    75.81436554450048
   ],
   "1/80/0.97": [
    78.96000426810834,
    79.23540469790404
   ],
   "1/160/0.97": [
    78.23900697997433,
    78.92562709838458
   ]
  },
  "seconds": 703,
  "tok_s": 79.1
 }
}
# exit 0 2026-10-10T14:49:13+02:00
