22:27:39 === run_all started
22:30:21 SPEED 128K reserve 2048: decode [47.1, 53.0, 54.9] tok/s; read 2K 2189 tok at 222.6 tok/s, 8K 7857 tok at 327.4 tok/s, 32K 30347 tok at 306.0 tok/s
22:33:13 === run_all started
22:33:35 VISION 300 image tokens 1600x900 16px: 2/5 lines exact, 304 prompt tokens, [7.9, 3.5, 3.5, 3.4, 3.4] s
22:34:00 VISION 300 image tokens 3840x2160 16px: 0/5 lines exact, 304 prompt tokens, [9.0, 4.0, 4.0, 4.0, 4.0] s
22:34:21 VISION 300 image tokens 3840x2160 28px: 0/5 lines exact, 304 prompt tokens, [8.1, 3.2, 3.2, 3.3, 3.3] s
22:37:45 SUITE eval2-qa finished in 3.4 min (exit 0)
23:10:28 SUITE eval2-hard finished in 32.7 min (exit 0)
23:17:23 LONGCTX 128K config: 118410 tok read in 375.1 s (315.7 tok/s), found 5/5 {'red': True, 'green': True, 'blue': True, 'amber': True, 'violet': True}, decode 36.2 tok/s 
23:17:23    after it, a short request: '144' in 0.5 s
23:18:02 CONFIG ctx 8192 reserve 700: started in 31 s, max_context 8192, {'expert_slots': 6288, 'cache_gib': 8.43, 'vram_free_mib': 361}
23:18:02    setup: [ok] context: 8192 tokens
23:18:02    setup: [!]  no hipBLASLt tuning table for gfx1030 with hipBLASLt 100500: the prompt's dense matrix products use plain hipBLAS (tools/hip/tune_hipblaslt makes a table: docs/AMD_HIP.md, Tuning table)
23:18:38 SPEED 8K reserve 700: decode [52.8, 59.7, 61.0] tok/s; read 2K 2189 tok at 205.9 tok/s
23:19:18 CONFIG ctx 262144 reserve 2048: started in 32 s, max_context 262144, {'expert_slots': 4791, 'cache_gib': 6.43, 'vram_free_mib': 1740}
23:19:18    setup: [ok] context: 262144 tokens
23:19:18    setup: [ok] KV streaming on: the context's KV cache lives in RAM (3.6 GB), more experts fit in VRAM
23:19:18    setup: [!]  no hipBLASLt tuning table for gfx1030 with hipBLASLt 100500: the prompt's dense matrix products use plain hipBLAS (tools/hip/tune_hipblaslt makes a table: docs/AMD_HIP.md, Tuning table)
23:22:02 SPEED 256K reserve 2048: decode [45.5, 53.0, 55.0] tok/s; read 2K 2185 tok at 203.4 tok/s, 8K 7855 tok at 324.6 tok/s, 32K 30345 tok at 301.9 tok/s
23:23:04 VISION 1024 image tokens 1600x900 16px: 5/5 lines exact, 1036 prompt tokens, [30.6, 8.0, 7.8, 7.8, 7.8] s
23:24:07 VISION 1024 image tokens 3840x2160 16px: 0/5 lines exact, 1036 prompt tokens, [30.6, 7.9, 7.9, 7.9, 7.8] s
23:25:07 VISION 1024 image tokens 3840x2160 28px: 5/5 lines exact, 1036 prompt tokens, [29.6, 7.8, 7.7, 7.7, 7.7] s
23:39:32 LONGCTX 256K config: 249365 tok read in 824.5 s (302.4 tok/s), found 5/5 {'red': True, 'green': True, 'blue': True, 'amber': True, 'violet': True}, decode 48.7 tok/s 
23:39:32    after it, a short request: '144' in 0.5 s
23:40:13 CONFIG ctx 524288 reserve 2048: started in 32 s, max_context 524288, {'expert_slots': 4420, 'cache_gib': 5.93, 'vram_free_mib': 1738}
23:40:13    setup: [ok] rope scaling: yarn, factor 2 (final context / trained 262144; override with --rope-scale)
23:40:13    setup: [ok] context: 524288 tokens
23:40:13    setup: [ok] KV streaming on: the context's KV cache lives in RAM (7.2 GB), more experts fit in VRAM
23:40:13    setup: [!]  no hipBLASLt tuning table for gfx1030 with hipBLASLt 100500: the prompt's dense matrix products use plain hipBLAS (tools/hip/tune_hipblaslt makes a table: docs/AMD_HIP.md, Tuning table)
23:42:58 SPEED 512K (asked 512K) reserve 2048: decode [46.9, 48.5, 50.2] tok/s; read 2K 2187 tok at 204.7 tok/s, 8K 7857 tok at 328.2 tok/s, 32K 30347 tok at 304.0 tok/s
00:10:36 === run_512k started
00:11:16 CONFIG ctx 524288 reserve 2048: started in 31 s, max_context 524288, {'expert_slots': 4435, 'cache_gib': 5.95, 'vram_free_mib': 1714}
00:11:16    setup: [ok] rope scaling: yarn, factor 2 (final context / trained 262144; override with --rope-scale)
00:11:16    setup: [ok] context: 524288 tokens
00:11:16    setup: [ok] KV streaming on: the context's KV cache lives in RAM (7.2 GB), more experts fit in VRAM
00:11:16    setup: [!]  no hipBLASLt tuning table for gfx1030 with hipBLASLt 100500: the prompt's dense matrix products use plain hipBLAS (tools/hip/tune_hipblaslt makes a table: docs/AMD_HIP.md, Tuning table)
00:44:47 LONGCTX 512K config: 512194 tok read in 1968.4 s (260.2 tok/s), found 5/5 {'red': True, 'green': True, 'blue': True, 'amber': True, 'violet': True}, decode 33.0 tok/s 
00:44:48    after it, a short request: '144' in 0.5 s
00:45:26 CONFIG ctx 131072 reserve 2048: started in 30 s, max_context 131072, {'expert_slots': 4752, 'cache_gib': 6.37, 'vram_free_mib': 1398}
00:45:26    setup: [ok] context: 131072 tokens
00:45:26    setup: [ok] KV streaming on: the context's KV cache lives in RAM (1.8 GB), more experts fit in VRAM
00:45:26    setup: [!]  no hipBLASLt tuning table for gfx1030 with hipBLASLt 100500: the prompt's dense matrix products use plain hipBLAS (tools/hip/tune_hipblaslt makes a table: docs/AMD_HIP.md, Tuning table)
00:45:26 === run_512k finished; server restored to 128K / 2048 MiB, images at 1024 tokens
