prompts: A 25, B 27, C 1528 tokens
solo: A 128, A2 128, B 128, C 54, D 128, E 128 tokens
slots: admissions 4.3s; 129 slot tokens arrived while the admissions read their prompts
slot 0 (A): 128 tokens, solo 128: IDENTICAL
slot 1 (B): 128 tokens, solo 128: IDENTICAL
slot 2 (C): 54 tokens, solo 54: IDENTICAL
A's next turn from its slot: 128 tokens, solo 128: IDENTICAL
D gave way: YIELDED 2 256
slot 1 E (short, admitted while D waited): 128 tokens, solo 128: IDENTICAL
slot 2 D (gave way, then went on): 128 tokens, solo 128: IDENTICAL
A in a slot, then solo again after 52 tokens: 128 tokens, solo 128: IDENTICAL
solo next turn from a slot: drafts accepted 85 of 106 (128 tokens in 1250.1 ms)
F (A's history without the reply's thinking) from slot 1's turn checkpoint: 128 tokens, solo 128: IDENTICAL
  log: prompt 25 tokens = 0 reused + 25 read in 170 ms (146.9 tok/s), 128 generated in 1163 ms (110.1 tok/s), drafts accepted 91 of 101, 1 checkpoints
  log: prompt 172 tokens = 18 reused + 154 read in 757 ms (203.4 tok/s), 128 generated in 1318 ms (97.1 tok/s), drafts accepted 87 of 113, 2 checkpoints
  log: suffix drafts: 1 windows, 0 of 5 drafts accepted
  log: prompt 43 tokens = 18 reused + 25 read in 167 ms (149.9 tok/s), 128 generated in 1294 ms (98.9 tok/s), drafts accepted 86 of 114, 2 checkpoints
  log: prompt 27 tokens = 0 reused + 27 read in 199 ms (135.8 tok/s), 128 generated in 956 ms (134.0 tok/s), drafts accepted 80 of 108, 1 checkpoints
  log: prompt 1528 tokens = 0 reused + 1528 read in 2583 ms (591.6 tok/s), 54 generated in 627 ms (86.1 tok/s), drafts accepted 24 of 62, 1 checkpoints
  log: prompt 1530 tokens = 0 reused + 1530 read in 2527 ms (605.5 tok/s), 128 generated in 917 ms (139.6 tok/s), drafts accepted 85 of 107, 1 checkpoints
  log: prompt 23 tokens = 0 reused + 23 read in 171 ms (134.4 tok/s), 128 generated in 1472 ms (86.9 tok/s), drafts accepted 69 of 131, 1 checkpoints
  log: suffix drafts: 2 windows, 3 of 5 drafts accepted
  log: prompt 25 tokens = 0 reused + 25 read in 163 ms (153.8 tok/s), 1 generated in 9 ms (108.2 tok/s), drafts accepted 0 of 0, 1 checkpoints
  log: prompt 27 tokens = 0 reused + 27 read in 174 ms (155.2 tok/s), 1 generated in 9 ms (110.4 tok/s), drafts accepted 0 of 0, 1 checkpoints
  log: prompt 1528 tokens = 0 reused + 1528 read in 3656 ms (417.9 tok/s), 1 generated in 9 ms (106.9 tok/s), drafts accepted 0 of 0, 1 checkpoints
  log: strata batch suffix: slot 0, 0 windows, 0/0 drafts accepted
  log: strata batch suffix: slot 1, 0 windows, 0/0 drafts accepted
  log: strata batch suffix: slot 2, 0 windows, 0/0 drafts accepted
  log: prompt 172 tokens = 152 reused + 20 read in 180 ms (110.9 tok/s), 1 generated in 9 ms (108.8 tok/s), drafts accepted 0 of 0, 1 checkpoints
  log: strata batch suffix: slot 0, 4 windows, 5/12 drafts accepted
  log: prompt 1530 tokens = 0 reused + 256 of 1530 read in 511 ms (500.8 tok/s), 0 generated in 0 ms (0.0 tok/s), drafts accepted 0 of 0, 0 checkpoints (cancelled)
  log: prompt 23 tokens = 0 reused + 23 read in 168 ms (137.1 tok/s), 1 generated in 10 ms (100.7 tok/s), drafts accepted 0 of 0, 1 checkpoints
  log: prompt 1530 tokens = 256 reused + 1274 read in 3021 ms (421.8 tok/s), 1 generated in 9 ms (107.3 tok/s), drafts accepted 0 of 0, 1 checkpoints
  log: strata batch suffix: slot 1, 3 windows, 4/7 drafts accepted
  log: strata batch suffix: slot 2, 0 windows, 0/0 drafts accepted
  log: prompt 25 tokens = 0 reused + 25 read in 161 ms (154.8 tok/s), 1 generated in 9 ms (106.0 tok/s), drafts accepted 0 of 0, 1 checkpoints
  log: strata batch suffix: slot 1, 0 windows, 0/0 drafts accepted
  log: prompt 77 tokens = 76 reused + 1 read in 42 ms (24.0 tok/s), 76 generated in 671 ms (113.2 tok/s), drafts accepted 56 of 61, 0 checkpoints
  log: prompt 316 tokens = 299 reused + 17 read in 149 ms (114.4 tok/s), 128 generated in 1250 ms (102.4 tok/s), drafts accepted 85 of 106, 1 checkpoints
  log: prompt 43 tokens = 18 reused + 25 read in 179 ms (139.7 tok/s), 1 generated in 9 ms (111.5 tok/s), drafts accepted 0 of 0, 2 checkpoints
  log: strata batch suffix: slot 2, 0 windows, 0/0 drafts accepted
engine log 'gave back': 5 lines
engine log 'its turn checkpoint': 1 lines
engine log 'takes': 8 lines
engine log 'the prompt was read in': 2 lines
engine log 'gives way': 1 lines
